// Jest Snapshot v1, https://goo.gl/fbAQLP

exports[`SyncPage should render correctly 1`] = `[Function]`;
