// Jest Snapshot v1, https://goo.gl/fbAQLP

exports[`TitleBar should render correctly 1`] = `[Function]`;
