// Jest Snapshot v1, https://goo.gl/fbAQLP

exports[`GenreSongs should render correctly 1`] = `[Function]`;
